// Jest Snapshot v1, https://goo.gl/fbAQLP

exports[`Should be able to generate data models for jackson annotation and should log expected output to console 1`] = `
Array [
  "public class Root {
  @JsonProperty(\\"min_number_prop\\")
  private double minNumberProp;
  @JsonProperty(\\"max_number_prop\\")
  private double maxNumberProp;
  private Map<String, Object> additionalProperties;

  public double getMinNumberProp() { return this.minNumberProp; }
  public void setMinNumberProp(double minNumberProp) { this.minNumberProp = minNumberProp; }

  public double getMaxNumberProp() { return this.maxNumberProp; }
  public void setMaxNumberProp(double maxNumberProp) { this.maxNumberProp = maxNumberProp; }

  public Map<String, Object> getAdditionalProperties() { return this.additionalProperties; }
  public void setAdditionalProperties(Map<String, Object> additionalProperties) { this.additionalProperties = additionalProperties; }
}",
]
`;
