// Jest Snapshot v1, https://goo.gl/fbAQLP

exports[`Should be able to generate models with javax.validation.constraints annotations and should log expected output to console 1`] = `
Array [
  "package main
import javax.validation.constraints.*

data class JavaxAnnotation(
    @get:NotNull
    @get:Min(0)
    val minNumberProp: Double,
    @get:NotNull
    @get:Max(99)
    val maxNumberProp: Double,
    @get:Size(min=2, max=3)
    val arrayProp: List<Any>,
    @get:Pattern(regexp=\\"^I_\\")
    @get:Size(min=3)
    val stringProp: String,
    val additionalProperties: Map<String, Any>,
)",
]
`;
