// Jest Snapshot v1, https://goo.gl/fbAQLP

exports[`Should be able to render Scala models that include documentation and should log expected output to console 1`] = `
Array [
  "/**
 * Description for class
 * 
 * @property email Description for the email property
 */
case class Root(
  email: Option[String],
)",
]
`;
