// Jest Snapshot v1, https://goo.gl/fbAQLP

exports[`Should be able to generate ts data model with marshal und unmarshal functions and should log expected output to console 1`] = `
Array [
  "class Test {
  private _email?: string;

  constructor(input: {
    email?: string,
  }) {
    this._email = input.email;
  }

  get email(): string | undefined { return this._email; }
  set email(email: string | undefined) { this._email = email; }

  public marshal() : string {
    let json = '{'
    if(this.email !== undefined) {
      json += \`\\"email\\": \${typeof this.email === 'number' || typeof this.email === 'boolean' ? this.email : JSON.stringify(this.email)},\`;
    }
  
    //Remove potential last comma 
    return \`\${json.charAt(json.length-1) === ',' ? json.slice(0, json.length-1) : json}}\`;
  }

  public static unmarshal(json: string | object): Test {
    const obj = typeof json === \\"object\\" ? json : JSON.parse(json);
    const instance = new Test({} as any);

    if (obj[\\"email\\"] !== undefined) {
      instance.email = obj[\\"email\\"];
    }
  
  
    return instance;
  }
  public async jsonbinSerialize(): Promise<Buffer>{
    const jsonData = JSON.parse(this.marshal());
    const jsonbinpackEncodedSchema = await jsonbinpack.compileSchema({\\"$schema\\":\\"https://json-schema.org/draft/2020-12/schema\\",\\"$id\\":\\"Test\\",\\"type\\":\\"object\\",\\"additionalProperties\\":false,\\"properties\\":{\\"email\\":{\\"type\\":\\"string\\",\\"format\\":\\"email\\",\\"x-modelgen-inferred-name\\":\\"email\\"}},\\"x-modelgen-inferred-name\\":\\"root\\"});
    return jsonbinpack.serialize(jsonbinpackEncodedSchema, jsonData);
  }

  public static async jsonbinDeserialize(buffer: Buffer): Promise<Test> {
    const jsonbinpackEncodedSchema = await jsonbinpack.compileSchema({\\"$schema\\":\\"https://json-schema.org/draft/2020-12/schema\\",\\"$id\\":\\"Test\\",\\"type\\":\\"object\\",\\"additionalProperties\\":false,\\"properties\\":{\\"email\\":{\\"type\\":\\"string\\",\\"format\\":\\"email\\",\\"x-modelgen-inferred-name\\":\\"email\\"}},\\"x-modelgen-inferred-name\\":\\"root\\"});
    const json = jsonbinpack.deserialize(jsonbinpackEncodedSchema, buffer);
    return Test.unmarshal(json);
  }
}",
]
`;
