// Jest Snapshot v1, https://goo.gl/fbAQLP

exports[`Should render TEMPLATE with example function and should log expected output to console 1`] = `
Array [
  "export class Root {
  private _email?: string;

  constructor(input: {
    email?: string,
  }) {
    this._email = input.email;
  }

  get email(): string | undefined { return this._email; }
  set email(email: string | undefined) { this._email = email; }

  public static example(): Root {
    const instance = new Root({} as any);
    instance.email = \\"string\\";
    return instance;
  }
}",
]
`;
