// Jest Snapshot v1, https://goo.gl/fbAQLP

exports[`Should be able to render correct enums based on options and should log expected output to console 1`] = `
"Generator output with Union:
class Root {
  private _event?: Event;

  constructor(input: {
    event?: Event,
  }) {
    this._event = input.event;
  }

  get event(): Event | undefined { return this._event; }
  set event(event: Event | undefined) { this._event = event; }
}
type Event = Event;
Generator output with Enum:
class Root {
  private _event?: Event;

  constructor(input: {
    event?: Event,
  }) {
    this._event = input.event;
  }

  get event(): Event | undefined { return this._event; }
  set event(event: Event | undefined) { this._event = event; }
}
enum Event {
  PING = \\"ping\\",
  PONG = \\"pong\\",
}"
`;
