// Jest Snapshot v1, https://goo.gl/fbAQLP

exports[`Should be able to render models with custom naming formatter and should log expected output to console 1`] = `
Array [
  "class ROOT {
  private _email?: string;

  constructor(input: {
    email?: string,
  }) {
    this._email = input.email;
  }

  get email(): string | undefined { return this._email; }
  set email(email: string | undefined) { this._email = email; }
}",
]
`;
