// Jest Snapshot v1, https://goo.gl/fbAQLP

exports[`Should be able to generate ts data model with comments and should log expected output to console 1`] = `
Array [
  Array [
    "/**
 * Main Description
 */
interface Test {
  stringProp: string;
  /**
   * Description
   * @example Example
   */
  numberProp?: number;
  /**
   * @example Example 1, Example 2
   */
  objectProp?: NestedTest;
  additionalProperties?: Map<string, any>;
}",
  ],
  Array [
    "/**
 * @example Example 1, Example 2
 */
interface NestedTest {
  stringProp?: string;
  additionalProperties?: Map<string, any>;
}",
  ],
]
`;
