// Jest Snapshot v1, https://goo.gl/fbAQLP

exports[`Should be able to render property with custom naming convention and should log expected output to console 1`] = `
Array [
  "export class Root {
  private _prependEmail?: string;

  constructor(input: {
    prependEmail?: string,
  }) {
    this._prependEmail = input.prependEmail;
  }

  get prependEmail(): string | undefined { return this._prependEmail; }
  set prependEmail(prependEmail: string | undefined) { this._prependEmail = prependEmail; }
}",
]
`;
