// Jest Snapshot v1, https://goo.gl/fbAQLP

exports[`Description generation should render example function for model 1`] = `
"// Main Description
type Test struct {
  StringProp string
  // Description
  NumberProp float64
  ObjectProp *NestedTest
}"
`;

exports[`Description generation should render example function for model 2`] = `
"type NestedTest struct {
  // string prop
  StringProp string
}"
`;
