// Jest Snapshot v1, https://goo.gl/fbAQLP

exports[`Should be able to render collections in Java as List and should log expected output to console 1`] = `
Array [
  "public class Root {
  private List<Object> Email;

  public List<Object> getEmail() { return this.Email; }
  public void setEmail(List<Object> Email) { this.Email = Email; }
}",
]
`;
