// Jest Snapshot v1, https://goo.gl/fbAQLP

exports[`Should be able to generate ts data model with example function and should log expected output to console 1`] = `
Array [
  "class Root {
  email;

  constructor(input) {
    if (input.hasOwnProperty('email')) {
      this.email = input.email;
    }
  }

  get email() { return this.email; }
  set email(email) { this.email = email; }

  example(){
    const instance = new Root({});
    instance.email = \\"string\\";
    return instance;
  }
}",
]
`;
