// Jest Snapshot v1, https://goo.gl/fbAQLP

exports[`Should be able to render C# models and should log expected output to console 1`] = `
Array [
  "public class Root
{
  private string? email;
  private System.DateTime? dateTime;
  private System.TimeSpan? timeSpan;

  public string? Email 
  {
    get { return email; }
    set { email = value; }
  }

  public System.DateTime? DateTime 
  {
    get { return dateTime; }
    set { dateTime = value; }
  }

  public System.TimeSpan? TimeSpan 
  {
    get { return timeSpan; }
    set { timeSpan = value; }
  }
}",
]
`;
