// Jest Snapshot v1, https://goo.gl/fbAQLP

exports[`Should be able to render collections in Java as List and should log expected output to console 1`] = `
Array [
  "public class Root {
  private List<String> email;

  public List<String> getEmail() { return this.email; }
  public void setEmail(List<String> email) { this.email = email; }
}",
]
`;

exports[`Should be able to render optionals for non-required fields and should log expected output to console 1`] = `
Array [
  "public class Root {
  private String email;

  public Optional<String> getEmail() { return ofNullable(this.email); }
  public void setEmail(String email) { this.email = email; }
}",
]
`;
