// Jest Snapshot v1, https://goo.gl/fbAQLP

exports[`Should be able to render union types and should log expected output to console 1`] = `
Array [
  "// AdditionalProperty represents a AdditionalProperty model.
type AdditionalProperty struct {
  AdditionalPropertyOneOf_0
  AdditionalPropertyOneOf_1
}",
]
`;

exports[`Should be able to render union types and should log expected output to console 2`] = `
Array [
  "",
]
`;

exports[`Should be able to render union types and should log expected output to console 3`] = `
Array [
  "// AdditionalPropertyOneOf_0 represents a AdditionalPropertyOneOf_0 model.
type AdditionalPropertyOneOf_0 struct {
  Ref string
  AdditionalProperties map[string]interface{}
}",
]
`;

exports[`Should be able to render union types and should log expected output to console 4`] = `
Array [
  "// AdditionalPropertyOneOf_1 represents a AdditionalPropertyOneOf_1 model.
type AdditionalPropertyOneOf_1 struct {
  Id string
  AdditionalProperties map[string]interface{}
}",
]
`;
