// Jest Snapshot v1, https://goo.gl/fbAQLP

exports[`Interpreter should return multiple separate models 1`] = `
CommonModel {
  "$id": "schema1",
  "additionalItems": CommonModel {
    "$id": undefined,
    "additionalItems": undefined,
    "additionalProperties": undefined,
    "const": undefined,
    "discriminator": undefined,
    "enum": undefined,
    "extend": undefined,
    "format": undefined,
    "items": undefined,
    "originalInput": true,
    "patternProperties": undefined,
    "properties": undefined,
    "required": undefined,
    "type": Array [
      "object",
      "string",
      "number",
      "array",
      "boolean",
      "null",
      "integer",
    ],
    "union": undefined,
  },
  "additionalProperties": undefined,
  "const": undefined,
  "discriminator": undefined,
  "enum": undefined,
  "extend": undefined,
  "format": undefined,
  "items": undefined,
  "originalInput": Object {
    "$id": "schema1",
    "properties": Object {
      "testProp": Object {
        "$id": "schema2",
        "type": "object",
      },
    },
  },
  "patternProperties": undefined,
  "properties": Object {
    "testProp": CommonModel {
      "$id": "schema2",
      "additionalItems": undefined,
      "additionalProperties": CommonModel {
        "$id": undefined,
        "additionalItems": undefined,
        "additionalProperties": undefined,
        "const": undefined,
        "discriminator": undefined,
        "enum": undefined,
        "extend": undefined,
        "format": undefined,
        "items": undefined,
        "originalInput": true,
        "patternProperties": undefined,
        "properties": undefined,
        "required": undefined,
        "type": Array [
          "object",
          "string",
          "number",
          "array",
          "boolean",
          "null",
          "integer",
        ],
        "union": undefined,
      },
      "const": undefined,
      "discriminator": undefined,
      "enum": undefined,
      "extend": undefined,
      "format": undefined,
      "items": undefined,
      "originalInput": Object {
        "$id": "schema2",
        "type": "object",
      },
      "patternProperties": undefined,
      "properties": undefined,
      "required": undefined,
      "type": "object",
      "union": undefined,
    },
  },
  "required": undefined,
  "type": "object",
  "union": undefined,
}
`;
