// Jest Snapshot v1, https://goo.gl/fbAQLP

exports[`Should be able to generate Java models from a TypeScript type file 
along with specific options and should log expected output to console 1`] = `
Array [
  "public class OuterData {
  private Object inner;
  private String name;
  private Map<String, Object> additionalProperties;

  public Object getInner() { return this.inner; }
  public void setInner(Object inner) { this.inner = inner; }

  public String getName() { return this.name; }
  public void setName(String name) { this.name = name; }

  public Map<String, Object> getAdditionalProperties() { return this.additionalProperties; }
  public void setAdditionalProperties(Map<String, Object> additionalProperties) { this.additionalProperties = additionalProperties; }
}",
]
`;
