// Jest Snapshot v1, https://goo.gl/fbAQLP

exports[`Should be able to render models with custom naming formatter and should log expected output to console 1`] = `
Array [
  "class Root {
  private _email?: integer;

  constructor(input: {
    email?: integer,
  }) {
    this._email = input.email;
  }

  get email(): integer | undefined { return this._email; }
  set email(email: integer | undefined) { this._email = email; }
}",
]
`;
