// Jest Snapshot v1, https://goo.gl/fbAQLP

exports[`Should be able to render models to ESM module system and should log expected output to console 1`] = `
Array [
  "

export default class Person {
  email;

  constructor(input) {
    this.email = input.email;
  }

  get email() { return this.email; }
  set email(email) { this.email = email; }
}",
]
`;

exports[`Should be able to render models to ESM module system and should log expected output to console 2`] = `
Array [
  "import Person from './Person';

export default class Root {
  person;

  constructor(input) {
    this.person = input.person;
  }

  get person() { return this.person; }
  set person(person) { this.person = person; }
}",
]
`;
