// Jest Snapshot v1, https://goo.gl/fbAQLP

exports[`Should be able to render python models and should log expected output to console: class-model 1`] = `
Array [
  "class Root(BaseModel): 
  optional_field: Optional[str] = Field(description='''this field is optional''', default=None, default=None)
  required_field: str = Field(description='''this field is required''')
  no_description: Optional[str] = Field(default=None, default=None)
  options: Optional[Options.Options] = Field(default=None, default=None)
  content_type: Optional[str] = Field(default=None, default=None)
",
]
`;

exports[`Should be able to render python models and should log expected output to console: enum-model 1`] = `
Array [
  "class Options(Enum): 
  NUMBER_123 = 123
  NUMBER_213 = 213
  RESERVED_TRUE = \\"true\\"
  RUN = \\"Run\\"",
]
`;
