// Jest Snapshot v1, https://goo.gl/fbAQLP

exports[`KOTLIN_CONSTRAINTS_PRESET should render constraints annotations 1`] = `
"data class Clazz(
    @get:NotNull
    @get:Min(0)
    val minNumberProp: Double,
    @get:NotNull
    @get:Max(99)
    val maxNumberProp: Double,
    @get:Size(min=2, max=3)
    val arrayProp: List<>? = null,
    @get:Pattern(regexp=\\"^I_\\")
    @get:Size(min=3)
    val stringProp: String? = null,
    val additionalProperties: Map<, >? = null,
)"
`;
