// Jest Snapshot v1, https://goo.gl/fbAQLP

exports[`KOTLIN_DESCRIPTION_PRESET should render description and examples for class 1`] = `
"/**
 * Description for class
 * 
 * @property prop Description for prop
 * @property additionalProperties
 * 
 * Examples: 
 * {\\"prop\\":\\"value\\"}
 */
data class Clazz(
    val prop: String? = null,
    val additionalProperties: Map<String, Any>? = null,
)"
`;

exports[`KOTLIN_DESCRIPTION_PRESET should render description and examples for enum 1`] = `
"/**
 * Description for enum
 * 
 * Examples: 
 * value
 */
enum class Enum(val value: String) {
    ON(\\"on\\"), 
    OFF(\\"off\\");
}"
`;
