// Jest Snapshot v1, https://goo.gl/fbAQLP

exports[`Should be able to generate data models for jackson annotation and should log expected output to console 1`] = `
Array [
  Array [
    "@JsonTypeInfo(use=JsonTypeInfo.Id.NAME, include=JsonTypeInfo.As.PROPERTY, property=\\"vehicleType\\")
@JsonSubTypes({
  @JsonSubTypes.Type(value = Car.class, name = \\"Car\\"),
  @JsonSubTypes.Type(value = Truck.class, name = \\"Truck\\")
})
/**
 * Vehicle represents a union of types: Car, Truck
 */
public interface Vehicle {
  String getVehicleType();
  void setVehicleType(String vehicleType);
  String getName();
  void setName(String name);
  Map<String, Object> getAdditionalProperties();
  void setAdditionalProperties(Map<String, Object> additionalProperties);
}",
  ],
  Array [
    "public class Car implements Vehicle {
  @JsonProperty(\\"vehicleType\\")
  private String vehicleType = \\"Car\\";
  @JsonProperty(\\"name\\")
  private String name;
  private Map<String, Object> additionalProperties;

  public String getVehicleType() { return this.vehicleType; }
  public void setVehicleType(String vehicleType) { this.vehicleType = vehicleType; }

  public String getName() { return this.name; }
  public void setName(String name) { this.name = name; }

  public Map<String, Object> getAdditionalProperties() { return this.additionalProperties; }
  public void setAdditionalProperties(Map<String, Object> additionalProperties) { this.additionalProperties = additionalProperties; }
}",
  ],
  Array [
    "public class Truck implements Vehicle {
  @JsonProperty(\\"vehicleType\\")
  private String vehicleType = \\"Truck\\";
  @JsonProperty(\\"name\\")
  private String name;
  private Map<String, Object> additionalProperties;

  public String getVehicleType() { return this.vehicleType; }
  public void setVehicleType(String vehicleType) { this.vehicleType = vehicleType; }

  public String getName() { return this.name; }
  public void setName(String name) { this.name = name; }

  public Map<String, Object> getAdditionalProperties() { return this.additionalProperties; }
  public void setAdditionalProperties(Map<String, Object> additionalProperties) { this.additionalProperties = additionalProperties; }
}",
  ],
]
`;
