// Jest Snapshot v1, https://goo.gl/fbAQLP

exports[`Should be able to render collections in C# as IEnumerable and should log expected output to console 1`] = `
Array [
  "public partial class Root
{
  private IEnumerable<string>? email;

  public IEnumerable<string>? Email 
  {
    get { return email; }
    set { this.email = value; }
  }
}",
]
`;
