// Jest Snapshot v1, https://goo.gl/fbAQLP

exports[`JAVA_CONSTRAINTS_PRESET should not render anything when isExtended is true 1`] = `
Array [
  "public class ExtendDoc implements Extend {
  @NotNull
  private String extendProp;
  private Map<String, Object> additionalProperties;

  @Override
  public String getExtendProp() { return this.extendProp; }
  @Override
  public void setExtendProp(String extendProp) { this.extendProp = extendProp; }

  public Map<String, Object> getAdditionalProperties() { return this.additionalProperties; }
  public void setAdditionalProperties(Map<String, Object> additionalProperties) { this.additionalProperties = additionalProperties; }
}",
  "public interface Extend {
  public String getExtendProp();
  public void setExtendProp(String extendProp);
}",
]
`;

exports[`JAVA_CONSTRAINTS_PRESET should render jakarta constraints annotations from when configured 1`] = `
"public class Clazz {
  @NotNull
  @Min(0)
  private double minNumberProp;
  @NotNull
  @Max(99)
  private double maxNumberProp;
  @Size(min=2, max=3)
  private Object[] arrayProp;
  @Pattern(regexp=\\"^\\\\\\\\w+(\\\\\\"\\\\\\\\.\\\\\\\\w+)*$\\")
  @Size(min=3)
  private String stringProp;
  private Map<String, Object> additionalProperties;

  public double getMinNumberProp() { return this.minNumberProp; }
  public void setMinNumberProp(double minNumberProp) { this.minNumberProp = minNumberProp; }

  public double getMaxNumberProp() { return this.maxNumberProp; }
  public void setMaxNumberProp(double maxNumberProp) { this.maxNumberProp = maxNumberProp; }

  public Object[] getArrayProp() { return this.arrayProp; }
  public void setArrayProp(Object[] arrayProp) { this.arrayProp = arrayProp; }

  public String getStringProp() { return this.stringProp; }
  public void setStringProp(String stringProp) { this.stringProp = stringProp; }

  public Map<String, Object> getAdditionalProperties() { return this.additionalProperties; }
  public void setAdditionalProperties(Map<String, Object> additionalProperties) { this.additionalProperties = additionalProperties; }
}"
`;

exports[`JAVA_CONSTRAINTS_PRESET should render javax constraints annotations by default 1`] = `
"public class Clazz {
  @NotNull
  @Min(0)
  private double minNumberProp;
  @NotNull
  @Max(99)
  private double maxNumberProp;
  @Size(min=2, max=3)
  private Object[] arrayProp;
  @Pattern(regexp=\\"^\\\\\\\\w+(\\\\\\"\\\\\\\\.\\\\\\\\w+)*$\\")
  @Size(min=3)
  private String stringProp;
  private Map<String, Object> additionalProperties;

  public double getMinNumberProp() { return this.minNumberProp; }
  public void setMinNumberProp(double minNumberProp) { this.minNumberProp = minNumberProp; }

  public double getMaxNumberProp() { return this.maxNumberProp; }
  public void setMaxNumberProp(double maxNumberProp) { this.maxNumberProp = maxNumberProp; }

  public Object[] getArrayProp() { return this.arrayProp; }
  public void setArrayProp(Object[] arrayProp) { this.arrayProp = arrayProp; }

  public String getStringProp() { return this.stringProp; }
  public void setStringProp(String stringProp) { this.stringProp = stringProp; }

  public Map<String, Object> getAdditionalProperties() { return this.additionalProperties; }
  public void setAdditionalProperties(Map<String, Object> additionalProperties) { this.additionalProperties = additionalProperties; }
}"
`;

exports[`JAVA_CONSTRAINTS_PRESET should render javax constraints annotations when configured 1`] = `
"public class Clazz {
  @NotNull
  @Min(0)
  private double minNumberProp;
  @NotNull
  @Max(99)
  private double maxNumberProp;
  @Size(min=2, max=3)
  private Object[] arrayProp;
  @Pattern(regexp=\\"^\\\\\\\\w+(\\\\\\"\\\\\\\\.\\\\\\\\w+)*$\\")
  @Size(min=3)
  private String stringProp;
  private Map<String, Object> additionalProperties;

  public double getMinNumberProp() { return this.minNumberProp; }
  public void setMinNumberProp(double minNumberProp) { this.minNumberProp = minNumberProp; }

  public double getMaxNumberProp() { return this.maxNumberProp; }
  public void setMaxNumberProp(double maxNumberProp) { this.maxNumberProp = maxNumberProp; }

  public Object[] getArrayProp() { return this.arrayProp; }
  public void setArrayProp(Object[] arrayProp) { this.arrayProp = arrayProp; }

  public String getStringProp() { return this.stringProp; }
  public void setStringProp(String stringProp) { this.stringProp = stringProp; }

  public Map<String, Object> getAdditionalProperties() { return this.additionalProperties; }
  public void setAdditionalProperties(Map<String, Object> additionalProperties) { this.additionalProperties = additionalProperties; }
}"
`;
