// Jest Snapshot v1, https://goo.gl/fbAQLP

exports[`JAVA_DESCRIPTION_PRESET should render description and examples for class 1`] = `
"/**
 * Description for class
 * Examples: {\\"prop\\":\\"value\\"}
 */
public class Clazz {
  private String prop;
  private Map<String, Object> additionalProperties;

  /**
   * Description for prop
   * Examples: exampleValue
   */
  public String getProp() { return this.prop; }
  public void setProp(String prop) { this.prop = prop; }

  public Map<String, Object> getAdditionalProperties() { return this.additionalProperties; }
  public void setAdditionalProperties(Map<String, Object> additionalProperties) { this.additionalProperties = additionalProperties; }
}"
`;

exports[`JAVA_DESCRIPTION_PRESET should render description and examples for enum 1`] = `
"/**
 * Description for enum
 * Examples: value
 */
public enum Enum {
  QUOTATION_ON_QUOTATION(\\"on\\"), QUOTATION_OFF_QUOTATION(\\"off\\");

  private Enum value;

  Enum(Enum value) {
    this.value = value;
  }
    
  @JsonValue
  public Enum getValue() {
    return value;
  }

  @Override
  public String toString() {
    return String.valueOf(value);
  }

  @JsonCreator
  public static Enum fromValue(Enum value) {
    for (Enum e : Enum.values()) {
      if (e.value.equals(value)) {
        return e;
      }
    }
    throw new IllegalArgumentException(\\"Unexpected value '\\" + value + \\"'\\");
  }
}"
`;
