// Jest Snapshot v1, https://goo.gl/fbAQLP

exports[`JAVA_JACKSON_PRESET should render Jackson annotations 1`] = `
"public class Clazz {
  private double minNumberProp;
  private double maxNumberProp;
  private Map<String, Object> additionalProperties;

  @JsonProperty(\\"min_number_prop\\")
  public double getMinNumberProp() { return this.minNumberProp; }
  public void setMinNumberProp(double minNumberProp) { this.minNumberProp = minNumberProp; }

  @JsonProperty(\\"max_number_prop\\")
  public double getMaxNumberProp() { return this.maxNumberProp; }
  public void setMaxNumberProp(double maxNumberProp) { this.maxNumberProp = maxNumberProp; }

  public Map<String, Object> getAdditionalProperties() { return this.additionalProperties; }
  public void setAdditionalProperties(Map<String, Object> additionalProperties) { this.additionalProperties = additionalProperties; }
}"
`;
