// Jest Snapshot v1, https://goo.gl/fbAQLP

exports[`Should be able to render Rust Models and should log expected output to console 1`] = `
Array [
  "// Members represents a union of types: String, f64, bool
#[derive(Clone, Debug, Deserialize, PartialEq, PartialOrd, Serialize)]
#[serde(untagged)]
pub enum Members {
    #[serde(rename=\\"MembersOneOf0\\")]
    MembersOneOf0(String),
    #[serde(rename=\\"MembersOneOf1\\")]
    MembersOneOf1(f64),
    #[serde(rename=\\"MembersOneOf2\\")]
    MembersOneOf2(bool),
}

",
]
`;

exports[`Should be able to render Rust Models and should log expected output to console 2`] = `
Array [
  "// Address represents a Address model.
#[derive(Clone, Debug, Deserialize, PartialEq, Serialize)]
pub struct Address {
    #[serde(rename=\\"street_name\\")]
    pub street_name: String,
    #[serde(rename=\\"city\\")]
    pub city: String,
    #[serde(rename=\\"state\\")]
    pub state: String,
    #[serde(rename=\\"house_number\\")]
    pub house_number: f64,
    #[serde(rename=\\"marriage\\", skip_serializing_if = \\"Option::is_none\\")]
    pub marriage: Option<bool>,
    #[serde(rename=\\"members\\", skip_serializing_if = \\"Option::is_none\\")]
    pub members: Option<Box<crate::Members>>,
    #[serde(rename=\\"tuple_type\\", skip_serializing_if = \\"Option::is_none\\")]
    pub tuple_type: Option<Box<crate::TupleType>>,
    #[serde(rename=\\"array_type\\")]
    pub array_type: Vec<String>,
    #[serde(rename=\\"enum_type\\", skip_serializing_if = \\"Option::is_none\\")]
    pub enum_type: Option<Box<crate::EnumType>>,
    #[serde(rename=\\"additionalProperties\\", skip_serializing_if = \\"Option::is_none\\")]
    pub additional_properties: Option<std::collections::HashMap<String, String>>,
}

impl Address {
    pub fn new(street_name: String, city: String, state: String, house_number: f64, marriage: Option<bool>, members: Option<crate::Members>, tuple_type: Option<crate::TupleType>, array_type: Vec<String>, enum_type: Option<crate::EnumType>, additional_properties: Option<std::collections::HashMap<String, String>>) -> Address {
        Address {
            street_name,
            city,
            state,
            house_number,
            marriage,
            members: members.map(Box::new),
            tuple_type: tuple_type.map(Box::new),
            array_type,
            enum_type: enum_type.map(Box::new),
            additional_properties,
        }
    }
}
",
]
`;

exports[`Should be able to render Rust Models and should log expected output to console 3`] = `
Array [
  "// TupleType represents a TupleType model.
#[derive(Clone, Debug, Deserialize, PartialEq, PartialOrd, Serialize)]
pub struct TupleType(String, f64);

impl TupleType {
    pub fn new(value_0: String, value_1: f64) -> TupleType {
        TupleType(value_0, value_1)
    }
}

",
]
`;
