// Jest Snapshot v1, https://goo.gl/fbAQLP

exports[`Should be able to generate models with javax.validation.constraints annotations and should log expected output to console 1`] = `
Array [
  "public class JavaxAnnotation {
  private float MinNumberProp;
  private float MaxNumberProp;
  private Object[] ArrayProp;
  private String StringProp;
  private Map<String, Object> AdditionalProperties;

  @NotNull
  @Min(0)
  public float getMinNumberProp() { return this.MinNumberProp; }
  public void setMinNumberProp(float MinNumberProp) { this.MinNumberProp = MinNumberProp; }

  @NotNull
  @Max(99)
  public float getMaxNumberProp() { return this.MaxNumberProp; }
  public void setMaxNumberProp(float MaxNumberProp) { this.MaxNumberProp = MaxNumberProp; }

  @Size(min=2, max=3)
  public Object[] getArrayProp() { return this.ArrayProp; }
  public void setArrayProp(Object[] ArrayProp) { this.ArrayProp = ArrayProp; }

  @Pattern(regexp=\\"^I_\\")
  @Size(min=3)
  public String getStringProp() { return this.StringProp; }
  public void setStringProp(String StringProp) { this.StringProp = StringProp; }

  public Map<String, Object> getAdditionalProperties() { return this.AdditionalProperties; }
  public void setAdditionalProperties(Map<String, Object> AdditionalProperties) { this.AdditionalProperties = AdditionalProperties; }
}",
]
`;
