// Jest Snapshot v1, https://goo.gl/fbAQLP

exports[`Should be able to generate ts data model with marshal und unmarshal functions and should log expected output to console 1`] = `
Array [
  "class Meeting {
  private _email?: string;
  private _createdAt?: Date;
  private _meetingDate?: Date;
  private _meetingTime?: string;

  constructor(input: {
    email?: string,
    createdAt?: Date,
    meetingDate?: Date,
    meetingTime?: string,
  }) {
    this._email = input.email;
    this._createdAt = input.createdAt;
    this._meetingDate = input.meetingDate;
    this._meetingTime = input.meetingTime;
  }

  get email(): string | undefined { return this._email; }
  set email(email: string | undefined) { this._email = email; }

  get createdAt(): Date | undefined { return this._createdAt; }
  set createdAt(createdAt: Date | undefined) { this._createdAt = createdAt; }

  get meetingDate(): Date | undefined { return this._meetingDate; }
  set meetingDate(meetingDate: Date | undefined) { this._meetingDate = meetingDate; }

  get meetingTime(): string | undefined { return this._meetingTime; }
  set meetingTime(meetingTime: string | undefined) { this._meetingTime = meetingTime; }

  public toJson(): Record<string, unknown> {
    const json: Record<string, unknown> = {};
    if(this.email !== undefined) {
      json[\\"email\\"] = this.email;
    }
    if(this.createdAt !== undefined) {
      json[\\"createdAt\\"] = this.createdAt;
    }
    if(this.meetingDate !== undefined) {
      json[\\"meetingDate\\"] = this.meetingDate;
    }
    if(this.meetingTime !== undefined) {
      json[\\"meetingTime\\"] = this.meetingTime;
    }
  
    return json;
  }

  public marshal(): string {
    return JSON.stringify(this.toJson());
  }

  public static fromJson(obj: Record<string, unknown>): Meeting {
    const instance = new Meeting({} as any);

    if (obj[\\"email\\"] !== undefined) {
      instance.email = obj[\\"email\\"];
    }
    if (obj[\\"createdAt\\"] !== undefined) {
      instance.createdAt = obj[\\"createdAt\\"] == null ? undefined : new Date(obj[\\"createdAt\\"] as string);
    }
    if (obj[\\"meetingDate\\"] !== undefined) {
      instance.meetingDate = obj[\\"meetingDate\\"] == null ? undefined : new Date(obj[\\"meetingDate\\"] as string);
    }
    if (obj[\\"meetingTime\\"] !== undefined) {
      instance.meetingTime = obj[\\"meetingTime\\"];
    }

  
    return instance;
  }

  public static unmarshal(json: string | object): Meeting {
    const obj = typeof json === \\"object\\" ? json : JSON.parse(json);
    return Meeting.fromJson(obj as Record<string, unknown>);
  }
}",
]
`;
