// Jest Snapshot v1, https://goo.gl/fbAQLP

exports[`Should be able to render JSON serialization and deserialization functions and should log expected output to console 1`] = `
Array [
  "class Root: 
  def __init__(self, input: Dict):
    if 'email' in input:
      self._email: str = input['email']
    if 'additional_properties' in input:
      self._additional_properties: dict[str, Any] = input['additional_properties']

  @property
  def email(self) -> str:
    return self._email
  @email.setter
  def email(self, email: str):
    self._email = email

  @property
  def additional_properties(self) -> dict[str, Any]:
    return self._additional_properties
  @additional_properties.setter
  def additional_properties(self, additional_properties: dict[str, Any]):
    self._additional_properties = additional_properties

  def serialize_to_json(self):
    return json.dumps(self.__dict__, default=lambda o: o.__dict__, indent=2)

  @staticmethod
  def deserialize_from_json(json_string):
    return Root(**json.loads(json_string))
",
]
`;
