// Jest Snapshot v1, https://goo.gl/fbAQLP

exports[`Should be able to generate models to files and should log expected output to console 1`] = `
Array [
  "package TestPackageName;


public class Root {
  private String email;

  public String getEmail() { return this.email; }
  public void setEmail(String email) { this.email = email; }
}",
]
`;
