// Jest Snapshot v1, https://goo.gl/fbAQLP

exports[`Should be able to render typescript interfaces as types and should log expected output to console 1`] = `
Array [
  "import type {OtherModel} from './OtherModel';
interface Root {
  email?: string;
  otherModel?: OtherModel;
}
export type { Root };",
]
`;

exports[`Should be able to render typescript interfaces as types and should log expected output to console 2`] = `
Array [
  "
interface OtherModel {
  streetName?: string;
  additionalProperties?: Map<string, any>;
}
export type { OtherModel };",
]
`;
