// Jest Snapshot v1, https://goo.gl/fbAQLP

exports[`TypeScriptInputProcessor process() should be able to process input 1`] = `
InputMetaModel {
  "models": Object {
    "undefined": AnyModel {
      "name": "undefined",
      "options": Object {
        "isNullable": false,
      },
      "originalInput": undefined,
    },
  },
  "originalInput": "export type Shape = {
  size: number;
};

export interface InnerData {
  age: number;
  name: string;
  free: boolean;
}

export interface ShapesData {
  data: InnerData;
  sizes: boolean[];
  emails: string[];
}
",
}
`;

exports[`TypeScriptInputProcessor process() should be able to process input with user provided options 1`] = `
InputMetaModel {
  "models": Object {
    "undefined": AnyModel {
      "name": "undefined",
      "options": Object {
        "isNullable": false,
      },
      "originalInput": undefined,
    },
  },
  "originalInput": "export type Shape = {
  size: number;
};

export interface InnerData {
  age: number;
  name: string;
  free: boolean;
}

export interface ShapesData {
  data: InnerData;
  sizes: boolean[];
  emails: string[];
}
",
}
`;
