// Jest Snapshot v1, https://goo.gl/fbAQLP

exports[`Should be able to render Go Enums and should log expected output to console 1`] = `
Array [
  "// Cities represents an enum of string.
type Cities string

const (
  CitiesLondon Cities = \\"London\\"
  CitiesRome = \\"Rome\\"
  CitiesBrussels = \\"Brussels\\"
)",
]
`;

exports[`Should be able to render Go Enums and should log expected output to console 2`] = `
Array [
  "// ClickOptions represents an enum of string.
type ClickOptions string

const (
  ClickOptionsClickAndPlay ClickOptions = \\"click_and_play\\"
  ClickOptionsClickPay = \\"click&pay\\"
)",
]
`;

exports[`Should be able to render Go Enums and should log expected output to console 3`] = `
Array [
  "// Options represents an enum of int.
type Options int

const (
  OptionsFirstOption Options = iota
  OptionsSecondOption
)",
]
`;
